FATAL [3,5]: Invalid type in declaration
FATAL [3,5]: Multiply declared identifier
Name Analysis Failed
