a(int) : int;
main(byte array [0]->void) : void(b(byte array [0]) : byte array[0]){
	a(int) = b(byte array [0]);
}