f(int,bool->int):int(arg1(int):int, arg2(bool):bool){
}
g(->void):void(){
	a(int):int;
	f(int,bool->int)(a(int), true);
	g(->void)();
}