a(int) : int;
main(int,int->void) : void(a(int) : int, b(int) : int){
	a(int) = b(int);
}