a(int) : int;
main(int->void) : void(b(int) : int){
	a(int) = b(int);
}
