ID:while1 [1,1]
ID:_thisIsVal1d [2,1]
INTLIT:3 [3,1]
ID:thisIs_Not [3,2]
ID:This_1_isThough [4,1]
EOF [4,16]
