FATAL [3,9]: Integer literal too large;  using max value
FATAL [4,10]: Integer literal too large;  using max value
