STRINGLIT:"this is a good string" [1,1]
EOF [7,48]