INT [1,1]
BOOL [2,1]
BYTE [3,1]
STRING [4,1]
VOID [5,1]
IF [6,1]
ELSE [7,1]
WHILE [8,1]
RETURN [9,1]
ARRAY [10,1]
TRUE [11,1]
FALSE [12,1]
READ [13,1]
WRITE [14,1]
HAVOC [15,1]
EOF [15,6]
