FATAL [2,1]: Unterminated string literal ignored
FATAL [3,1]: Unterminated string literal ignored
FATAL [4,1]: String literal with bad escape sequence ignored
FATAL [5,1]: Unterminated string literal  with bad escape sequence ignored
FATAL [6,1]: Unterminated string literal  with bad escape sequence ignored
FATAL [7,1]: String literal with bad escape sequence ignored
