INT [1,1]
ID:i [1,5]
ASSIGN [1,7]
INTLIT:10 [1,9]
INT [2,1]
ID:j [2,5]
ASSIGN [2,7]
DASH [2,9]
INTLIT:10000 [2,10]
INT [3,1]
ID:k [3,5]
ASSIGN [3,7]
INTLIT:2147483647 [3,9]
INT [4,1]
ID:l [4,5]
ASSIGN [4,7]
DASH [4,9]
INTLIT:2147483647 [4,10]
DASH [5,1]
DASH [6,1]
INTLIT:145 [6,2]
INTLIT:235 [7,1]
EOF [7,4]
