intFn:void(var1:int, var2:int){
	var3:int;
	var3 = 1;
	var3 = (-var1);
	var3++;
	var3--;
	var3 = (var1 + var2);
	var3 = (var1 - var2);
	var3 = (var1 * var2);
	var3 = (var1 / var2);
	var3 = ((var1 + var2) * (var3 - var1));
	var4:bool;
	var4 = (var1 < var2);
	var4 = (var1 <= var2);
	var4 = (var1 == var2);
	var4 = (var1 >= var2);
	var4 = (var1 > var2);
}
