fn:void(){
	var1:int;
	var1 = 0;
	while ((var1 < 5)){
		var1++;
	}
}
