[BEGIN GLOBALS]
[END GLOBALS]
[BEGIN main LOCALS]
[END main LOCALS]
main:       enter main
lbl_1:      nop
            IFZ 1 GOTO lbl_2
            WRITE 1
            goto lbl_1
lbl_2:      nop
lbl_0:      leave main