FATAL [2,12]: Bad return value
FATAL [7,17]: Type of actual does not match type of formal
FATAL [7,7]: Invalid assignment operation
FATAL [8,12]: Return with a value in void function
Type Analysis Failed