FATAL [3,12]: Bad return value
FATAL [7,12]: Bad return value
FATAL [16,12]: Bad return value
FATAL [20,12]: Bad return value
FATAL [24,12]: Bad return value
Type Analysis Failed
