FATAL [4,11]: Attempt to output a function
Type Analysis Failed
