FATAL [4,11]: Attempt to output void
Type Analysis Failed
