FATAL [2,5]: Missing return value
Type Analysis Failed
