FATAL [3,11]: Arithmetic operator applied to invalid operand
Type Analysis Failed