FATAL [5,13]: Function call with wrong number of args
FATAL [5,13]: Arithmetic operator applied to invalid operand
Type Analysis Failed
