b == 0: false
b != 0: true
b > 0: true
b < 0: false
b < 1: false
b <= 1: true
b >= 1: true
b > 1: false
b > 2: false
b < 2: true
