5 + 4 = 9
5 - 4 = 1
5 * 4 = 20
5 / 4 = 1
623 + 280 = 903
623 - 280 = 343
623 * 280 = 174440
623 / 280 = 2
