lit string arg
What's your name?
Hello, Rev. Atkins
